###############################################################################
#
# IAR ELF Linker V9.10.2.313/W64 for ARM                  12/Jan/2022  20:15:55
# Copyright 2007-2021 IAR Systems AB.
#
#    Output file  =  C:\Users\Omar Lotfy\Desktop\ziad\Debug\Exe\mbdd.out
#    Map file     =  C:\Users\Omar Lotfy\Desktop\ziad\Debug\List\mbdd.map
#    Command line =
#        -f "C:\Users\Omar Lotfy\Desktop\ziad\Debug\Exe\mbdd.out.rsp"
#        ("C:\Users\Omar Lotfy\Desktop\ziad\Debug\Obj\dio.o" "C:\Users\Omar
#        Lotfy\Desktop\ziad\Debug\Obj\main.o" "C:\Users\Omar
#        Lotfy\Desktop\ziad\Debug\Obj\startup_ewarm.o" --no_out_extension -o
#        "C:\Users\Omar Lotfy\Desktop\ziad\Debug\Exe\mbdd.out" --redirect
#        _Printf=_PrintfFullNoMb --redirect _Scanf=_ScanfFullNoMb --map
#        "C:\Users\Omar Lotfy\Desktop\ziad\Debug\List\mbdd.map" --config
#        D:\IAR\arm\config\linker\TexasInstruments\TM4C123GH6.icf --semihosting
#        C:\ti\TivaWare_C_Series-2.2.0.295\driverlib\ewarm\Exe\driverlib.a
#        --entry __iar_program_start --vfe --text_out locale)
#
###############################################################################

*******************************************************************************
*** MESSAGES
***

Warning[Lt009]: Inconsistent wchar_t size
            gpio.o(driverlib.a) and 4 other objects in driverlib.a have wchar_t
                      size 16 bits
            dio.o and 26 other objects, some of them in dl7M_tln.a and 16 other
                      libraries have wchar_t size 32 bits


*******************************************************************************
*** RUNTIME MODEL ATTRIBUTES
***

CppFlavor       = *
__SystemLibrary = DLib
__dlib_version  = 6


*******************************************************************************
*** HEAP SELECTION
***

The basic heap was selected because some modules are built with
size limitations (and not runtime checking), and --advanced_heap
was not specified.


*******************************************************************************
*** PLACEMENT SUMMARY
***

"A0":  place at address 0x0 { ro section .intvec };
"P1":  place in [from 0x0 to 0x3'ffff] { ro };
define block CSTACK with size = 4K, alignment = 8 { };
define block HEAP with size = 8K, alignment = 8 { };
"P2":  place in [from 0x2000'0000 to 0x2000'7fff] {
          rw, block CSTACK, block HEAP };
do not initialize { rw section .noinit };
initialize by copy { rw };

  Section            Kind         Address    Size  Object
  -------            ----         -------    ----  ------
"A0":                                       0x260
  .intvec            const            0x0   0x260  startup_ewarm.o [1]
                                  - 0x260   0x260

"P1":                                      0x2ab8
  .text              ro code        0x260   0xf12  xprintffull_nomb.o [2]
  .text              ro code       0x1172    0x2a  copy_init3.o [5]
  .text              ro code       0x119c    0x16  strchr.o [5]
  .text              ro code       0x11b2     0x2  vectortrap_M.o [5]
  .text              ro code       0x11b4    0x40  xfail_s.o [2]
  .text              ro code       0x11f4    0x36  strlen.o [5]
  .text              ro code       0x122c    0x58  memchr.o [5]
  .text              ro code       0x1284    0x76  ABImemcpy_unaligned.o [5]
  .text              ro code       0x12fc    0x70  frexp.o [4]
  .text              ro code       0x136c    0x34  DblCmpLe.o [4]
  .text              ro code       0x13a0    0x34  DblCmpGe.o [4]
  .text              ro code       0x13d4   0x13a  ldexp.o [4]
  .text              ro code       0x1510    0x36  DblToS32.o [4]
  .text              ro code       0x1548    0x22  S32ToDbl.o [4]
  .text              ro code       0x156c   0x24e  DblAddSub.o [4]
  .text              ro code       0x17bc   0x246  DblDiv.o [4]
  .text              ro code       0x1a04    0x22  DblToU32.o [4]
  .text              ro code       0x1a28    0x1c  U32ToDbl.o [4]
  .text              ro code       0x1a44   0x1aa  DblMul.o [4]
  .text              ro code       0x1bf0   0x230  I64DivMod.o [5]
  .text              ro code       0x1e20     0x6  abort.o [2]
  .text              ro code       0x1e28     0x2  I64DivZer.o [5]
  .text              ro code       0x1e2c    0x14  exit.o [6]
  .text              ro code       0x1e40    0x7c  iarttio.o [6]
  .text              ro code       0x1ebc     0x8  XShttio.o [2]
  .text              ro code       0x1ec4   0x658  dio.o [1]
  .text              ro code       0x251c    0x44  sysctl.o [3]
  .text              ro code       0x2560   0x430  gpio.o [3]
  .text              ro code       0x2990    0x9a  timer.o [3]
  .text              ro code       0x2a2c    0x28  printf.o [2]
  .text              ro code       0x2a54    0xa0  interrupt.o [3]
  .text              ro code       0x2af4    0x48  main.o [1]
  .text              ro code       0x2b3c    0x38  zero_init3.o [5]
  .text              ro code       0x2b74    0x28  data_init.o [5]
  .text              ro code       0x2b9c    0x22  fpinit_M.o [4]
  .text              ro code       0x2bbe    0x22  iarwrite.o [6]
  .iar.init_table    const         0x2be0    0x24  - Linker created -
  .text              ro code       0x2c04    0x20  putchar.o [2]
  .text              ro code       0x2c24    0x10  write.o [6]
  .text              ro code       0x2c34    0x1e  dwrite.o [6]
  .text              ro code       0x2c52    0x20  iarwstd.o [6]
  .text              ro code       0x2c74    0x1e  startup_ewarm.o [1]
  .text              ro code       0x2c94    0x1c  cstartup_M.o [5]
  .text              ro code       0x2cb0    0x1e  cmain.o [5]
  .text              ro code       0x2cce     0x4  low_level_init.o [2]
  .text              ro code       0x2cd2     0x4  exit.o [2]
  .text              ro code       0x2cd8     0xa  cexit.o [5]
  .text              ro code       0x2ce2    0x16  xprout.o [2]
  .rodata            const         0x2cf8    0x10  dio.o [1]
  .rodata            const         0x2d08     0x8  main.o [1]
  Initializer bytes  const         0x2d10     0x8  <for P2-1>
  .rodata            const         0x2d18     0x0  zero_init3.o [5]
  .rodata            const         0x2d18     0x0  copy_init3.o [5]
                                 - 0x2d18  0x2ab8

"P2", part 1 of 3:                            0x8
  P2-1                        0x2000'0000     0x8  <Init block>
    .data            inited   0x2000'0000     0x8  XShttio.o [2]
                            - 0x2000'0008     0x8

"P2", part 2 of 3:                          0x668
  VTABLE             zero     0x2000'0400   0x26c  interrupt.o [3]
  .bss               zero     0x2000'066c     0x4  xfail_s.o [2]
                            - 0x2000'0670   0x668

"P2", part 3 of 3:                          0x200
  .noinit            uninit   0x2000'0670   0x200  startup_ewarm.o [1]
                            - 0x2000'0870   0x200

Unused ranges:

         From           To      Size
         ----           --      ----
       0x2d18     0x3'ffff  0x3'd2e8
  0x2000'0870  0x2000'7fff    0x7790


*******************************************************************************
*** INIT TABLE
***

          Address      Size
          -------      ----
Zero (__iar_zero_init3)
    1 destination range, total size 0x270:
          0x2000'0400  0x270

Copy (__iar_copy_init3)
    1 source range, total size 0x8:
               0x2d10    0x8
    1 destination range, total size 0x8:
          0x2000'0000    0x8



*******************************************************************************
*** MODULE SUMMARY
***

    Module                 ro code  ro data  rw data
    ------                 -------  -------  -------
command line/config:
    ------------------------------------------------
    Total:

C:\Users\Omar Lotfy\Desktop\ziad\Debug\Obj: [1]
    dio.o                    1'624       16
    main.o                      72        8
    startup_ewarm.o             30      608      512
    ------------------------------------------------
    Total:                   1'726      632      512

dl7M_tln.a: [2]
    XShttio.o                    8        8        8
    abort.o                      6
    exit.o                       4
    low_level_init.o             4
    printf.o                    40
    putchar.o                   32
    xfail_s.o                   64                 4
    xprintffull_nomb.o       3'858
    xprout.o                    22
    ------------------------------------------------
    Total:                   4'038        8       12

driverlib.a: [3]
    gpio.o                   1'072
    interrupt.o                160               620
    sysctl.o                    68
    timer.o                    154
    ------------------------------------------------
    Total:                   1'454               620

m7M_tls.a: [4]
    DblAddSub.o                590
    DblCmpGe.o                  52
    DblCmpLe.o                  52
    DblDiv.o                   582
    DblMul.o                   426
    DblToS32.o                  54
    DblToU32.o                  34
    S32ToDbl.o                  34
    U32ToDbl.o                  28
    fpinit_M.o                  34
    frexp.o                    112
    ldexp.o                    314
    ------------------------------------------------
    Total:                   2'312

rt7M_tl.a: [5]
    ABImemcpy_unaligned.o      118
    I64DivMod.o                560
    I64DivZer.o                  2
    cexit.o                     10
    cmain.o                     30
    copy_init3.o                42
    cstartup_M.o                28
    data_init.o                 40
    memchr.o                    88
    strchr.o                    22
    strlen.o                    54
    vectortrap_M.o               2
    zero_init3.o                56
    ------------------------------------------------
    Total:                   1'052

shb_l.a: [6]
    dwrite.o                    30
    exit.o                      20
    iarttio.o                  124
    iarwrite.o                  34
    iarwstd.o                   32
    write.o                     16
    ------------------------------------------------
    Total:                     256

    Gaps                        30             1'016
    Linker created                       36
----------------------------------------------------
    Grand Total:            10'868      676    2'160


*******************************************************************************
*** ENTRY LIST
***

Entry                       Address   Size  Type      Object
-----                       -------   ----  ----      ------
.iar.init_table$$Base        0x2be0          --   Gb  - Linker created -
.iar.init_table$$Limit       0x2c04          --   Gb  - Linker created -
?main                        0x2cb1         Code  Gb  cmain.o [5]
DIO_read_pin                 0x200b   0x88  Code  Gb  dio.o [1]
DIO_write_pin                0x1ec5  0x146  Code  Gb  dio.o [1]
EW_G                         0x22e5   0x22  Code  Gb  dio.o [1]
EW_GO                        0x226f   0x14  Code  Gb  dio.o [1]
EW_R                         0x239d   0x22  Code  Gb  dio.o [1]
EW_READY                     0x2283   0x14  Code  Gb  dio.o [1]
EW_STOP                      0x2297   0x14  Code  Gb  dio.o [1]
EW_Y                         0x2341   0x22  Code  Gb  dio.o [1]
FaultISR                     0x2c8f    0x2  Code  Lc  startup_ewarm.o [1]
GPIODirModeSet               0x25a1   0x28  Code  Gb  gpio.o [3]
GPIOIntClear                 0x2795    0x6  Code  Gb  gpio.o [3]
GPIOIntDisable               0x278f    0x6  Code  Gb  gpio.o [3]
GPIOIntEnable                0x2789    0x6  Code  Gb  gpio.o [3]
GPIOIntRegister              0x279b   0x14  Code  Gb  gpio.o [3]
GPIOIntTypeSet               0x25c9   0x4c  Code  Gb  gpio.o [3]
GPIOPadConfigSet             0x2615  0x174  Code  Gb  gpio.o [3]
GPIOPinTypeGPIOInput         0x27bb   0x14  Code  Gb  gpio.o [3]
IntDefaultHandler            0x2c91    0x2  Code  Lc  startup_ewarm.o [1]
IntEnable                    0x2a7b   0x56  Code  Gb  interrupt.o [3]
IntRegister                  0x2a55   0x26  Code  Gb  interrupt.o [3]
NORMAL_TRAFFIC               0x23d7   0x4c  Code  Gb  dio.o [1]
NS_G                         0x22ab   0x22  Code  Gb  dio.o [1]
NS_GO                        0x2233   0x14  Code  Gb  dio.o [1]
NS_R                         0x2363   0x22  Code  Gb  dio.o [1]
NS_READY                     0x2247   0x14  Code  Gb  dio.o [1]
NS_STOP                      0x225b   0x14  Code  Gb  dio.o [1]
NS_Y                         0x231f   0x22  Code  Gb  dio.o [1]
NmiSR                        0x2c8d    0x2  Code  Lc  startup_ewarm.o [1]
PED_HANDLER                  0x2425   0x82  Code  Gb  dio.o [1]
PEW_G                        0x2307   0x18  Code  Gb  dio.o [1]
PEW_R                        0x23bf   0x18  Code  Gb  dio.o [1]
PNS_G                        0x22cd   0x18  Code  Gb  dio.o [1]
PNS_R                        0x2385   0x18  Code  Gb  dio.o [1]
Region$$Table$$Base          0x2be0          --   Gb  - Linker created -
Region$$Table$$Limit         0x2c04          --   Gb  - Linker created -
ResetISR                     0x2c75   0x14  Code  Gb  startup_ewarm.o [1]
SysCtlPeripheralEnable       0x253d    0x8  Code  Gb  sysctl.o [3]
SysCtlPeripheralReady        0x251d    0x8  Code  Gb  sysctl.o [3]
SysTick_Handler              0x11b3         Code  Wk  vectortrap_M.o [5]
TimerConfigure               0x29a9   0x52  Code  Gb  timer.o [3]
TimerDisable                 0x299d    0xc  Code  Gb  timer.o [3]
TimerEnable                  0x2991    0xc  Code  Gb  timer.o [3]
TimerLoadSet                 0x2a0d   0x10  Code  Gb  timer.o [3]
_GPIOIntNumberGet            0x2561   0x40  Code  Lc  gpio.o [3]
_LitobFullNoMb                0xf79  0x10c  Code  Lc  xprintffull_nomb.o [2]
_PrintfFullNoMb               0x261  0xcea  Code  Gb  xprintffull_nomb.o [2]
_Prout                       0x2ce3   0x16  Code  Gb  xprout.o [2]
_PutcharFullNoMb             0x10dd   0x20  Code  Lc  xprintffull_nomb.o [2]
_PutcharsFullNoMb            0x10fd   0x2e  Code  Lc  xprintffull_nomb.o [2]
__aeabi_cdcmple              0x136d         Code  Gb  DblCmpLe.o [4]
__aeabi_cdrcmple             0x13a1         Code  Gb  DblCmpGe.o [4]
__aeabi_d2iz                 0x1511         Code  Gb  DblToS32.o [4]
__aeabi_d2uiz                0x1a05         Code  Gb  DblToU32.o [4]
__aeabi_ddiv                 0x17bd         Code  Gb  DblDiv.o [4]
__aeabi_dmul                 0x1a45         Code  Gb  DblMul.o [4]
__aeabi_dsub                 0x16d9         Code  Gb  DblAddSub.o [4]
__aeabi_i2d                  0x1549         Code  Gb  S32ToDbl.o [4]
__aeabi_ldiv0                0x1e29         Code  Gb  I64DivZer.o [5]
__aeabi_ui2d                 0x1a29         Code  Gb  U32ToDbl.o [4]
__aeabi_uldivmod             0x1bf1         Code  Gb  I64DivMod.o [5]
__cmain                      0x2cb1         Code  Gb  cmain.o [5]
__dwrite                     0x2c35   0x1e  Code  Gb  dwrite.o [6]
__exit                       0x1e2d   0x14  Code  Gb  exit.o [6]
__iar_Fail_s                 0x11b5   0x1c  Code  Gb  xfail_s.o [2]
__iar_Memchr                 0x122d         Code  Gb  memchr.o [5]
__iar_Strchr                 0x119d         Code  Gb  strchr.o [5]
__iar_close_ttio             0x1e41   0x2c  Code  Gb  iarttio.o [6]
__iar_copy_init3             0x1173   0x2a  Code  Gb  copy_init3.o [5]
__iar_data_init3             0x2b75   0x28  Code  Gb  data_init.o [5]
__iar_frexp                  0x1309         Code  Gb  frexp.o [4]
__iar_frexpl                 0x1309         Code  Gb  frexp.o [4]
__iar_get_ttio               0x1e6d   0x4c  Code  Gb  iarttio.o [6]
__iar_init_vfp               0x2b9d         Code  Gb  fpinit_M.o [4]
__iar_ldexp64                0x13d5         Code  Gb  ldexp.o [4]
__iar_lookup_ttioh           0x1ebd    0x8  Code  Gb  XShttio.o [2]
__iar_program_start          0x2c95         Code  Gb  cstartup_M.o [5]
__iar_scalbln64              0x13d5         Code  Gb  ldexp.o [4]
__iar_scalbn64               0x13d5         Code  Gb  ldexp.o [4]
__iar_sh_stdout              0x2c53   0x20  Code  Gb  iarwstd.o [6]
__iar_sh_write               0x2bbf   0x22  Code  Gb  iarwrite.o [6]
__iar_softfp___iar_frexp64
                             0x12fd         Code  Gb  frexp.o [4]
__iar_softfp_frexp           0x12fd         Code  Gb  frexp.o [4]
__iar_softfp_frexpl          0x12fd         Code  Gb  frexp.o [4]
__iar_ttio_handles      0x2000'0000    0x8  Data  Lc  XShttio.o [2]
__iar_unaligned_memcpy       0x1285         Code  Gb  ABImemcpy_unaligned.o [5]
__iar_unaligned_memcpy4
                             0x12a5         Code  Gb  ABImemcpy_unaligned.o [5]
__iar_unaligned_memcpy8
                             0x12a5         Code  Gb  ABImemcpy_unaligned.o [5]
__iar_zero_init3             0x2b3d   0x38  Code  Gb  zero_init3.o [5]
__low_level_init             0x2ccf    0x4  Code  Gb  low_level_init.o [2]
__vector_table                  0x0  0x260  Data  Gb  startup_ewarm.o [1]
__write                      0x2c25   0x10  Code  Gb  write.o [6]
_call_main                   0x2cbd         Code  Gb  cmain.o [5]
_exit                        0x2cd9         Code  Gb  cexit.o [5]
abort                        0x1e21    0x6  Code  Gb  abort.o [2]
exit                         0x2cd3    0x4  Code  Gb  exit.o [2]
g_pfnRAMVectors         0x2000'0400  0x26c  Data  Lc  interrupt.o [3]
g_ppui32GPIOIntMapBlizzard
                             0x27f8   0xc0  Data  Lc  gpio.o [3]
g_ppui32GPIOIntMapSnowflake
                             0x28b8   0xd8  Data  Lc  gpio.o [3]
g_pui32EnRegs                0x2ae0   0x14  Data  Lc  interrupt.o [3]
gpioa_init                   0x2093   0x3e  Code  Gb  dio.o [1]
gpiob_init                   0x20d1   0x3e  Code  Gb  dio.o [1]
gpiof_init                   0x210f   0x86  Code  Gb  dio.o [1]
ldexp                        0x13d5         Code  Gb  ldexp.o [4]
ldexpl                       0x13d5         Code  Gb  ldexp.o [4]
main                         0x2af5   0x48  Code  Gb  main.o [1]
memchr                       0x122d         Code  Gb  memchr.o [5]
printf                       0x2a2d   0x28  Code  Gb  printf.o [2]
pui32Stack              0x2000'0670  0x200  Data  Lc  startup_ewarm.o [1]
putchar                      0x2c05   0x20  Code  Gb  putchar.o [2]
scalbln                      0x13d5         Code  Gb  ldexp.o [4]
scalblnl                     0x13d5         Code  Gb  ldexp.o [4]
scalbn                       0x13d5         Code  Gb  ldexp.o [4]
scalbnl                      0x13d5         Code  Gb  ldexp.o [4]
scale                        0x1085   0x46  Code  Lc  xprintffull_nomb.o [2]
sec_hand                0x2000'066c    0x4  Data  Lc  xfail_s.o [2]
strchr                       0x119d         Code  Gb  strchr.o [5]
strlen                       0x11f5         Code  Gb  strlen.o [5]
timer0A_delayMs              0x2195   0x50  Code  Gb  dio.o [1]
timer1A_delayMs              0x21e5   0x4e  Code  Gb  dio.o [1]


[1] = C:\Users\Omar Lotfy\Desktop\ziad\Debug\Obj
[2] = dl7M_tln.a
[3] = driverlib.a
[4] = m7M_tls.a
[5] = rt7M_tl.a
[6] = shb_l.a

  10'868 bytes of readonly  code memory
     676 bytes of readonly  data memory
   2'160 bytes of readwrite data memory

Errors: none
Warnings: 1
